[2026-09-26 09:08:34.250] [REQUEST] Запрос: POST /api/auth/login
{"endpoint":"/api/auth/login","method":"POST","timestamp":"2026-09-26T09:08:34.2495888Z","requestData":{"Login":"admin","Password":"admin123"}}
[2026-09-26 09:08:36.221] [ERROR] Ошибка в /api/auth/login (1945 мс)
[Ошибка сериализации данных]
[2026-09-26 09:08:36.226] [ERROR] Отправка ошибки [500]: Внутренняя ошибка сервера
[Ошибка сериализации данных]
[2026-09-26 09:12:18.907] [REQUEST] Запрос: POST /api/auth/login
{"endpoint":"/api/auth/login","method":"POST","timestamp":"2026-09-26T09:12:18.9078971Z","requestData":{"Login":"player1","Password":"player123"}}
[2026-09-26 09:12:18.954] [ERROR] Ошибка в /api/auth/login (46 мс)
[Ошибка сериализации данных]
[2026-09-26 09:12:18.955] [ERROR] Отправка ошибки [500]: Внутренняя ошибка сервера
[Ошибка сериализации данных]
[2026-09-26 09:23:31.232] [REQUEST] Запрос: POST /api/auth/login
{"endpoint":"/api/auth/login","method":"POST","timestamp":"2026-09-26T09:23:31.2323934Z","requestData":{"Login":"player1","Password":"player123"}}
[2026-09-26 09:23:33.063] [INFO] Обработка /api/auth/login заняла 1830 мс
[2026-09-26 09:23:33.065] [RESPONSE] Ответ: /api/auth/login [200]
{"endpoint":"/api/auth/login","statusCode":200,"timestamp":"2026-09-26T09:23:33.0655063Z","responseData":{"Value":{"Success":true,"Message":"Авторизация успешна","Data":{"UserId":2,"Login":"player1","RoleId":1,"RoleName":"player","Registration":"2026-09-15T12:17:02"},"Timestamp":"2026-09-26T09:23:33.0626811Z"},"Formatters":[],"ContentTypes":[],"DeclaredType":null,"StatusCode":200}}
[2026-09-26 10:50:40.153] [REQUEST] Запрос: POST /api/register
{"endpoint":"/api/register","method":"POST","timestamp":"2026-09-26T10:50:40.1526641Z","requestData":{"Login":"test2","Password":"test1234"}}
[2026-09-26 10:50:40.184] [INFO] Обработка /api/register заняла 31 мс
[2026-09-26 10:50:40.186] [RESPONSE] Ответ: /api/register [400]
{"endpoint":"/api/register","statusCode":400,"timestamp":"2026-09-26T10:50:40.1859331Z","responseData":{"Value":{"Success":false,"Message":"Пароль слишком короткий (мин. 8 символа)","Data":null,"Timestamp":"2026-09-26T10:50:40.1836734Z"},"Formatters":[],"ContentTypes":[],"DeclaredType":null,"StatusCode":400}}
[2026-09-26 10:50:52.919] [REQUEST] Запрос: POST /api/register
{"endpoint":"/api/register","method":"POST","timestamp":"2026-09-26T10:50:52.9199007Z","requestData":{"Login":"test2","Password":"test12345"}}
[2026-09-26 10:50:52.921] [INFO] Обработка /api/register заняла 1 мс
[2026-09-26 10:50:52.922] [RESPONSE] Ответ: /api/register [400]
{"endpoint":"/api/register","statusCode":400,"timestamp":"2026-09-26T10:50:52.9226176Z","responseData":{"Value":{"Success":false,"Message":"Пароль слишком короткий (мин. 8 символа)","Data":null,"Timestamp":"2026-09-26T10:50:52.9216224Z"},"Formatters":[],"ContentTypes":[],"DeclaredType":null,"StatusCode":400}}
[2026-09-26 10:51:38.348] [REQUEST] Запрос: POST /api/register
{"endpoint":"/api/register","method":"POST","timestamp":"2026-09-26T10:51:38.3483128Z","requestData":{"Login":"test2","Password":"test1234"}}
[2026-09-26 10:51:40.106] [INFO] Обработка /api/register заняла 1758 мс
[2026-09-26 10:51:40.108] [RESPONSE] Ответ: /api/register [201]
{"endpoint":"/api/register","statusCode":201,"timestamp":"2026-09-26T10:51:40.1080777Z","responseData":{"Location":"/api/users/6","Value":{"Success":true,"Message":"Регистрация успешна","Data":{"UserId":6,"Login":"test2","RoleId":1},"Timestamp":"2026-09-26T10:51:40.1063309Z"},"Formatters":[],"ContentTypes":[],"DeclaredType":null,"StatusCode":201}}
[2026-09-28 03:47:07.593] [REQUEST] Запрос: POST /api/register
{"endpoint":"/api/register","method":"POST","timestamp":"2026-09-28T03:47:07.5923912Z","requestData":{"Login":"","Password":""}}
[2026-09-28 03:47:07.623] [INFO] Обработка /api/register заняла 31 мс
[2026-09-28 03:47:07.625] [RESPONSE] Ответ: /api/register [400]
{"endpoint":"/api/register","statusCode":400,"timestamp":"2026-09-28T03:47:07.6252632Z","responseData":{"Value":{"Success":false,"Message":"Логин и пароль обязательны","Data":null,"Timestamp":"2026-09-28T03:47:07.6229273Z"},"Formatters":[],"ContentTypes":[],"DeclaredType":null,"StatusCode":400}}
[2026-09-28 03:47:14.102] [REQUEST] Запрос: POST /api/register
{"endpoint":"/api/register","method":"POST","timestamp":"2026-09-28T03:47:14.1024867Z","requestData":{"Login":"","Password":""}}
[2026-09-28 03:47:14.103] [INFO] Обработка /api/register заняла 1 мс
[2026-09-28 03:47:14.104] [RESPONSE] Ответ: /api/register [400]
{"endpoint":"/api/register","statusCode":400,"timestamp":"2026-09-28T03:47:14.1047673Z","responseData":{"Value":{"Success":false,"Message":"Логин и пароль обязательны","Data":null,"Timestamp":"2026-09-28T03:47:14.1036192Z"},"Formatters":[],"ContentTypes":[],"DeclaredType":null,"StatusCode":400}}
[2026-09-28 03:52:14.887] [REQUEST] Запрос: POST /api/register
{"endpoint":"/api/register","method":"POST","timestamp":"2026-09-28T03:52:14.887564Z","requestData":{"Login":"","Password":"test1234"}}
[2026-09-28 03:52:14.891] [INFO] Обработка /api/register заняла 3 мс
[2026-09-28 03:52:14.894] [RESPONSE] Ответ: /api/register [400]
{"endpoint":"/api/register","statusCode":400,"timestamp":"2026-09-28T03:52:14.8948259Z","responseData":{"Value":{"Success":false,"Message":"Логин и пароль обязательны","Data":null,"Timestamp":"2026-09-28T03:52:14.8912623Z"},"Formatters":[],"ContentTypes":[],"DeclaredType":null,"StatusCode":400}}
[2026-09-28 03:52:23.995] [REQUEST] Запрос: POST /api/register
{"endpoint":"/api/register","method":"POST","timestamp":"2026-09-28T03:52:23.9959239Z","requestData":{"Login":"test1","Password":"test1234"}}
[2026-09-28 03:52:25.753] [INFO] Обработка /api/register заняла 1757 мс
[2026-09-28 03:52:25.754] [RESPONSE] Ответ: /api/register [409]
{"endpoint":"/api/register","statusCode":409,"timestamp":"2026-09-28T03:52:25.7543951Z","responseData":{"Value":{"Success":false,"Message":"Этот логин уже занят","Data":null,"Timestamp":"2026-09-28T03:52:25.7533404Z"},"Formatters":[],"ContentTypes":[],"DeclaredType":null,"StatusCode":409}}
[2026-09-28 03:52:38.524] [REQUEST] Запрос: POST /api/register
{"endpoint":"/api/register","method":"POST","timestamp":"2026-09-28T03:52:38.5243337Z","requestData":{"Login":"test3","Password":"test1234"}}
[2026-09-28 03:52:38.958] [INFO] Обработка /api/register заняла 434 мс
[2026-09-28 03:52:38.959] [RESPONSE] Ответ: /api/register [201]
{"endpoint":"/api/register","statusCode":201,"timestamp":"2026-09-28T03:52:38.959363Z","responseData":{"Location":"/api/users/7","Value":{"Success":true,"Message":"Регистрация успешна","Data":{"UserId":7,"Login":"test3","RoleId":1},"Timestamp":"2026-09-28T03:52:38.9584783Z"},"Formatters":[],"ContentTypes":[],"DeclaredType":null,"StatusCode":201}}
[2026-09-28 03:54:00.732] [REQUEST] Запрос: POST /api/auth/login
{"endpoint":"/api/auth/login","method":"POST","timestamp":"2026-09-28T03:54:00.7320506Z","requestData":{"Login":"test3","Password":"test1234"}}
[2026-09-28 03:54:01.000] [INFO] Обработка /api/auth/login заняла 268 мс
[2026-09-28 03:54:01.000] [RESPONSE] Ответ: /api/auth/login [200]
{"endpoint":"/api/auth/login","statusCode":200,"timestamp":"2026-09-28T03:54:01.0008034Z","responseData":{"Value":{"Success":true,"Message":"Авторизация успешна","Data":{"UserId":7,"Login":"test3","RoleId":1,"RoleName":"player","Registration":"2026-09-28T03:52:39"},"Timestamp":"2026-09-28T03:54:00.9993923Z"},"Formatters":[],"ContentTypes":[],"DeclaredType":null,"StatusCode":200}}
[2026-09-28 06:15:49.099] [REQUEST] Запрос: POST /api/register
{"endpoint":"/api/register","method":"POST","timestamp":"2026-09-28T06:15:49.0997839Z","requestData":{"Login":"test5","Password":"test1234"}}
[2026-09-28 06:15:49.194] [INFO] Обработка /api/register заняла 94 мс
[2026-09-28 06:15:49.195] [RESPONSE] Ответ: /api/register [201]
{"endpoint":"/api/register","statusCode":201,"timestamp":"2026-09-28T06:15:49.1950343Z","responseData":{"Location":"/api/users/8","Value":{"Success":true,"Message":"Регистрация успешна","Data":{"UserId":8,"Login":"test5","RoleId":1},"Timestamp":"2026-09-28T06:15:49.1943545Z"},"Formatters":[],"ContentTypes":[],"DeclaredType":null,"StatusCode":201}}
[2026-09-28 06:20:44.728] [REQUEST] Запрос: POST /api/auth/login
{"endpoint":"/api/auth/login","method":"POST","timestamp":"2026-09-28T06:20:44.7281641Z","requestData":{"Login":"test5","Password":"test1234"}}
[2026-09-28 06:20:44.784] [INFO] Обработка /api/auth/login заняла 55 мс
[2026-09-28 06:20:44.784] [RESPONSE] Ответ: /api/auth/login [200]
{"endpoint":"/api/auth/login","statusCode":200,"timestamp":"2026-09-28T06:20:44.7848935Z","responseData":{"Value":{"Success":true,"Message":"Авторизация успешна","Data":{"UserId":8,"Login":"test5","RoleId":1,"RoleName":"player","Registration":"2026-09-28T06:15:49"},"Timestamp":"2026-09-28T06:20:44.7841358Z"},"Formatters":[],"ContentTypes":[],"DeclaredType":null,"StatusCode":200}}
[2026-09-28 06:23:59.601] [REQUEST] Запрос: POST /api/auth/login
{"endpoint":"/api/auth/login","method":"POST","timestamp":"2026-09-28T06:23:59.6017946Z","requestData":{"Login":"test5","Password":"test1235"}}
[2026-09-28 06:23:59.640] [INFO] Обработка /api/auth/login заняла 39 мс
[2026-09-28 06:23:59.641] [RESPONSE] Ответ: /api/auth/login [401]
{"endpoint":"/api/auth/login","statusCode":401,"timestamp":"2026-09-28T06:23:59.6418323Z","responseData":{"Value":{"Success":false,"Message":"Неверный логин или пароль","Data":null,"Timestamp":"2026-09-28T06:23:59.6407525Z"},"Formatters":[],"ContentTypes":[],"DeclaredType":null,"StatusCode":401}}
[2026-09-30 04:53:55.706] [REQUEST] Запрос: POST /api/auth/login
{"endpoint":"/api/auth/login","method":"POST","timestamp":"2026-09-30T04:53:55.7062918Z","requestData":{"Login":"test5","Password":"test1235"}}
[2026-09-30 04:53:57.641] [INFO] Обработка /api/auth/login заняла 1935 мс
[2026-09-30 04:53:57.644] [RESPONSE] Ответ: /api/auth/login [401]
{"endpoint":"/api/auth/login","statusCode":401,"timestamp":"2026-09-30T04:53:57.6440498Z","responseData":{"Value":{"Success":false,"Message":"Неверный логин или пароль","Data":null,"Timestamp":"2026-09-30T04:53:57.641698Z"},"Formatters":[],"ContentTypes":[],"DeclaredType":null,"StatusCode":401}}

